// Jest Snapshot v1, https://goo.gl/fbAQLP

exports[`Routes should render Routes component 1`] = `ShallowWrapper {}`;
