// Jest Snapshot v1, https://goo.gl/fbAQLP

exports[`Redlag should match snapshot 1`] = `ShallowWrapper {}`;
